
Build started 14.04.2026 19:55:22.
__________________________________________________
Project "D:\Учеба\Мультиплеер\1\Проект\Multiplayer_First-hw\Assembly-CSharp.csproj" (default target(s)):
	Target PrepareForBuild:
		Configuration: Debug Platform: AnyCPU
	Target GetFrameworkPaths:
C:\Program Files\Unity\Hub\Editor\6000.4.0f1\Editor\Data\MonoBleedingEdge\lib\mono\xbuild\14.0\bin\Microsoft.Common.targets:  warning : TargetFrameworkVersion 'v4.7.1' not supported by this toolset (ToolsVersion: 14.0).
	Target GenerateSatelliteAssemblies:
	No input files were specified for target GenerateSatelliteAssemblies, skipping.
Done building project "D:\Учеба\Мультиплеер\1\Проект\Multiplayer_First-hw\Assembly-CSharp.csproj".-- FAILED

Build FAILED.

Warnings:

D:\Учеба\Мультиплеер\1\Проект\Multiplayer_First-hw\Assembly-CSharp.csproj (default targets) ->
C:\Program Files\Unity\Hub\Editor\6000.4.0f1\Editor\Data\MonoBleedingEdge\lib\mono\xbuild\14.0\bin\Microsoft.Common.targets (GetFrameworkPaths target) ->

	C:\Program Files\Unity\Hub\Editor\6000.4.0f1\Editor\Data\MonoBleedingEdge\lib\mono\xbuild\14.0\bin\Microsoft.Common.targets:  warning : TargetFrameworkVersion 'v4.7.1' not supported by this toolset (ToolsVersion: 14.0).

	 1 Warning(s)
	 0 Error(s)

Time Elapsed 00:00:00.4712370
